// Jest Snapshot v1, https://goo.gl/fbAQLP

exports[`consts default snapshot 1`] = `
Object {
  "CreateCommitRecordAuthType": Object {
    "GithubActions": "GITHUB_ACTIONS",
    "ProjectApiKey": "PROJECT_API_KEY",
  },
  "EnvVar": Object {
    "projectApiKey": "BUNDLEMON_PROJECT_APIKEY",
    "projectId": "BUNDLEMON_PROJECT_ID",
    "remoteFlag": "BUNDLEMON_REMOTE",
    "serviceURL": "BUNDLEMON_SERVICE_URL",
    "subProject": "BUNDLEMON_SUB_PROJECT",
  },
  "serviceUrl": "https://api.bundlemon.dev",
}
`;
