// Jest Snapshot v1, https://goo.gl/fbAQLP

exports[`getFiles getAllPaths empty directory 1`] = `Array []`;

exports[`getFiles getAllPaths recursive directories 1`] = `
Array [
  "/Users/lironer/Documents/projects/bundlemon/bundlemon/packages/bundlemon/src/main/analyzer/__tests__/assets/getAllPaths/1/a.html",
  "/Users/lironer/Documents/projects/bundlemon/bundlemon/packages/bundlemon/src/main/analyzer/__tests__/assets/getAllPaths/1/a.js",
  "/Users/lironer/Documents/projects/bundlemon/bundlemon/packages/bundlemon/src/main/analyzer/__tests__/assets/getAllPaths/1/s/g.aa.bbb",
  "/Users/lironer/Documents/projects/bundlemon/bundlemon/packages/bundlemon/src/main/analyzer/__tests__/assets/getAllPaths/1/s/c/ac.css",
]
`;

exports[`getFiles getRegexHash 1`] = `"(?<hash0>[a-zA-Z0-9]+)"`;

exports[`getFiles getRegexHash 2`] = `"(?<hash0>[a-zA-Z0-9]+)"`;
