// Jest Snapshot v1, https://goo.gl/fbAQLP

exports[`getFiles getAllPaths empty directory 1`] = `[]`;

exports[`getFiles getRegexHash 1`] = `"(?<hash0>[a-zA-Z0-9]+)"`;

exports[`getFiles getRegexHash 2`] = `"(?<hash1>[a-zA-Z0-9]+)"`;
