// Jest Snapshot v1, https://goo.gl/fbAQLP

exports[`consts snapshot 1`] = `
Object {
  "CommitRecordReviewResolution": Object {
    "Approved": "approved",
    "Rejected": "rejected",
    "Reset": "reset",
  },
  "Compression": Object {
    "Brotli": "brotli",
    "Gzip": "gzip",
    "None": "none",
  },
  "DiffChange": Object {
    "Add": "Add",
    "NoChange": "No change",
    "Remove": "Remove",
    "Update": "Update",
  },
  "FailReason": Object {
    "MaxPercentIncrease": "MaxPercentIncrease",
    "MaxSize": "MaxSize",
  },
  "ProjectProvider": Object {
    "GitHub": "github",
  },
  "Status": Object {
    "Fail": "Fail",
    "Pass": "Pass",
  },
}
`;
